
> sandakadapahana-concert@1.0.0 dev
> concurrently "npm run server:dev" "npm run client:dev"

[1] 
[1] > sandakadapahana-concert@1.0.0 client:dev
[1] > cd client && npm run dev
[1] 
[0] 
[0] > sandakadapahana-concert@1.0.0 server:dev
[0] > cd server && npm run dev
[0] 
[1] 
[1] > sandakadapahana-client@0.0.0 dev
[1] > vite
[1] 
[0] 
[0] > sandakadapahana-server@1.0.0 dev
[0] > nodemon index.js
[0] 
[0] [33m[nodemon] 3.1.10[39m
[0] [33m[nodemon] to restart at any time, enter `rs`[39m
[0] [33m[nodemon] watching path(s): *.*[39m
[0] [33m[nodemon] watching extensions: js,mjs,cjs,json[39m
[0] [32m[nodemon] starting `node index.js`[39m
[1] Port 3000 is in use, trying another one...
[1] 
[1]   VITE v5.4.19  ready in 691 ms
[1] 
[1]   ➜  Local:   http://localhost:3001/
[1]   ➜  Network: use --host to expose
[0] 🚀 Sandakadapahana Concert Server running on port 5000
[0] 📱 Client should be running on http://localhost:3000
[0] 🌐 API available at http://localhost:5000/api
[0] ::ffff:127.0.0.1 - - [08/Aug/2025:07:21:38 +0000] "GET /api HTTP/1.1" 200 110 "-" "curl/7.88.1"
[0] ::ffff:127.0.0.1 - - [08/Aug/2025:07:21:52 +0000] "GET /api/booking-stats HTTP/1.1" 200 209 "http://localhost:3000/" "Mozilla/5.0 (X11; Linux x86_64) AppleWebKit/537.36 (KHTML, like Gecko) HeadlessChrome/139.0.7258.5 Safari/537.36"
[0] ::ffff:127.0.0.1 - - [08/Aug/2025:07:21:52 +0000] "GET /api/booking-stats HTTP/1.1" 304 - "http://localhost:3000/" "Mozilla/5.0 (X11; Linux x86_64) AppleWebKit/537.36 (KHTML, like Gecko) HeadlessChrome/139.0.7258.5 Safari/537.36"
